// Jest Snapshot v1, https://goo.gl/fbAQLP

exports[`Main component snapshot test 1`] = `
<main
  style={
    Object {
      "display": "flex",
      "flexDirection": "column",
      "minHeight": "calc( 100vh - 12.5rem - 4rem )",
    }
  }
>
  test
</main>
`;
